[detached HEAD ecd22a5] Edge TTS JARVIS voice module
 28 files changed, 211 insertions(+), 1 deletion(-)
 create mode 100644 .logs/20260505-180606-da9a4bb953d84f77a458def4a110ae9c.retcode
 create mode 100644 .logs/20260505-182146-5e4b81c526cb48d29b9e4f896dab565a.err
 create mode 100644 .logs/20260505-182146-5e4b81c526cb48d29b9e4f896dab565a.out
 create mode 100644 .logs/20260505-182146-5e4b81c526cb48d29b9e4f896dab565a.retcode
 create mode 100644 .logs/20260505-182147-a86405f1b810437b90cada595118a837.err
 create mode 100644 .logs/20260505-182147-a86405f1b810437b90cada595118a837.out
 create mode 100644 .logs/20260505-182147-a86405f1b810437b90cada595118a837.retcode
 create mode 100644 .logs/20260505-182147-c4144213b87545af879160e8e72fe784.err
 create mode 100644 .logs/20260505-182147-c4144213b87545af879160e8e72fe784.out
 create mode 100644 .logs/20260505-182147-c4144213b87545af879160e8e72fe784.retcode
 create mode 100644 .logs/20260505-182147-c9fdaff2423d4f54af7a51cc386a85ad.err
 create mode 100644 .logs/20260505-182147-c9fdaff2423d4f54af7a51cc386a85ad.out
 create mode 100644 .logs/20260505-182147-c9fdaff2423d4f54af7a51cc386a85ad.retcode
 create mode 100644 .logs/20260505-182147-d0415de930264ecc921f86d8ba9ccdde.err
 create mode 100644 .logs/20260505-182147-d0415de930264ecc921f86d8ba9ccdde.out
 create mode 100644 .logs/20260505-182147-d0415de930264ecc921f86d8ba9ccdde.retcode
 create mode 100644 .logs/20260505-182151-c29b47b40d844c8c8e24d7f560ab7620.err
 create mode 100644 .logs/20260505-182151-c29b47b40d844c8c8e24d7f560ab7620.out
 create mode 100644 .logs/20260505-182152-5161d3b54cd344659bec411e14d93542.err
 create mode 100644 .logs/20260505-182152-5161d3b54cd344659bec411e14d93542.out
 create mode 100644 .logs/20260505-182152-5161d3b54cd344659bec411e14d93542.retcode
 create mode 100644 .logs/20260505-182212-2653ac9481324ca8b850645a9e3e526a.err
 create mode 100644 .logs/20260505-182212-2653ac9481324ca8b850645a9e3e526a.out
 create mode 100644 .logs/20260505-182212-2653ac9481324ca8b850645a9e3e526a.retcode
 create mode 100644 .logs/20260505-182248-037fda1c854c4aecbece4bc02904620d.err
 create mode 100644 .logs/20260505-182248-037fda1c854c4aecbece4bc02904620d.out
###ecd22a5030faf4d13329de8a27e021add5e2fe7d###
