[main 501d510] Unified voice endpoint Tasker config
 29 files changed, 206 insertions(+), 1 deletion(-)
 create mode 100644 .logs/20260415-003557-d7894d206c784fa9b29aaeddf0642d2a.retcode
 create mode 100644 .logs/20260415-004117-14fed8f1598546ba9182ad796d3c21f5.err
 create mode 100644 .logs/20260415-004117-14fed8f1598546ba9182ad796d3c21f5.out
 create mode 100644 .logs/20260415-004117-14fed8f1598546ba9182ad796d3c21f5.retcode
 create mode 100644 .logs/20260415-004117-2fcd30a9f8a9445291edcd710007f546.err
 create mode 100644 .logs/20260415-004117-2fcd30a9f8a9445291edcd710007f546.out
 create mode 100644 .logs/20260415-004117-2fcd30a9f8a9445291edcd710007f546.retcode
 create mode 100644 .logs/20260415-004117-477ae7ee203c4cb5baeeb4d744bd587b.err
 create mode 100644 .logs/20260415-004117-477ae7ee203c4cb5baeeb4d744bd587b.out
 create mode 100644 .logs/20260415-004117-477ae7ee203c4cb5baeeb4d744bd587b.retcode
 create mode 100644 .logs/20260415-004117-51a8b3f8b7bf48248983e06982c0acf9.err
 create mode 100644 .logs/20260415-004117-51a8b3f8b7bf48248983e06982c0acf9.out
 create mode 100644 .logs/20260415-004117-51a8b3f8b7bf48248983e06982c0acf9.retcode
 create mode 100644 .logs/20260415-004117-ae0e384e34774369b21db96afe2c1229.err
 create mode 100644 .logs/20260415-004117-ae0e384e34774369b21db96afe2c1229.out
 create mode 100644 .logs/20260415-004117-ae0e384e34774369b21db96afe2c1229.retcode
 create mode 100644 .logs/20260415-004122-aa1177267ae54245a5bf5e5340e39adb.err
 create mode 100644 .logs/20260415-004122-aa1177267ae54245a5bf5e5340e39adb.out
 create mode 100644 .logs/20260415-004122-aa1177267ae54245a5bf5e5340e39adb.retcode
 create mode 100644 .logs/20260415-004122-c00d0d03874d400ba97ba39f7a0b102c.err
 create mode 100644 .logs/20260415-004122-c00d0d03874d400ba97ba39f7a0b102c.out
 create mode 100644 .logs/20260415-004145-2153030fb35c4c17997b7f31efacced7.err
 create mode 100644 .logs/20260415-004145-2153030fb35c4c17997b7f31efacced7.out
 create mode 100644 .logs/20260415-004145-2153030fb35c4c17997b7f31efacced7.retcode
 create mode 100644 .logs/20260415-004209-5f3c61827d754db5bcba514fabdf09b5.err
 create mode 100644 .logs/20260415-004209-5f3c61827d754db5bcba514fabdf09b5.out
###501d51002850b0b880f07d7ce6641543bc724096###
