[detached HEAD 850dbc6] Revert AutoRemote format original
 29 files changed, 212 insertions(+), 1 deletion(-)
 create mode 100644 .logs/20260506-164650-501946c3aa7c44ec95aa9917549d3a46.retcode
 create mode 100644 .logs/20260506-164745-12835b9ab6f448278670a24f2824f093.err
 create mode 100644 .logs/20260506-164745-12835b9ab6f448278670a24f2824f093.out
 create mode 100644 .logs/20260506-164745-12835b9ab6f448278670a24f2824f093.retcode
 create mode 100644 .logs/20260506-164745-197037c95cd445f7865e340c8aa3d08b.err
 create mode 100644 .logs/20260506-164745-197037c95cd445f7865e340c8aa3d08b.out
 create mode 100644 .logs/20260506-164745-197037c95cd445f7865e340c8aa3d08b.retcode
 create mode 100644 .logs/20260506-164745-3c3ce9f2aef0477a86856526e5605d44.err
 create mode 100644 .logs/20260506-164745-3c3ce9f2aef0477a86856526e5605d44.out
 create mode 100644 .logs/20260506-164745-3c3ce9f2aef0477a86856526e5605d44.retcode
 create mode 100644 .logs/20260506-164745-4dfaffc004b44ad7b3c994494919fed9.err
 create mode 100644 .logs/20260506-164745-4dfaffc004b44ad7b3c994494919fed9.out
 create mode 100644 .logs/20260506-164745-4dfaffc004b44ad7b3c994494919fed9.retcode
 create mode 100644 .logs/20260506-164745-baae9c4333544823a733120547cfe388.err
 create mode 100644 .logs/20260506-164745-baae9c4333544823a733120547cfe388.out
 create mode 100644 .logs/20260506-164745-baae9c4333544823a733120547cfe388.retcode
 create mode 100644 .logs/20260506-164750-e577435c95c54b8f8b07a77e35719d28.err
 create mode 100644 .logs/20260506-164750-e577435c95c54b8f8b07a77e35719d28.out
 create mode 100644 .logs/20260506-164751-d820999be3304de68335aa0741b8cf3c.err
 create mode 100644 .logs/20260506-164751-d820999be3304de68335aa0741b8cf3c.out
 create mode 100644 .logs/20260506-164751-d820999be3304de68335aa0741b8cf3c.retcode
 create mode 100644 .logs/20260506-164817-459fb4159ada40a8b784a8f50d4a23c6.err
 create mode 100644 .logs/20260506-164817-459fb4159ada40a8b784a8f50d4a23c6.out
 create mode 100644 .logs/20260506-164817-459fb4159ada40a8b784a8f50d4a23c6.retcode
 create mode 100644 .logs/20260506-164833-f39d9c77ea6f45f3bf03b2c9bf948d71.err
 create mode 100644 .logs/20260506-164833-f39d9c77ea6f45f3bf03b2c9bf948d71.out
###850dbc623e37ccd53cb1ee20831e8dc479b9e82d###
