[detached HEAD 4408eb6] PC commands web search Selenium
 47 files changed, 1802 insertions(+), 149 deletions(-)
 create mode 100644 .logs/20260415-004122-c00d0d03874d400ba97ba39f7a0b102c.retcode
 create mode 100644 .logs/20260415-004209-5f3c61827d754db5bcba514fabdf09b5.retcode
 create mode 100644 .logs/20260415-004322-1a26476d046d4880af47e49ed4d5b3f1.err
 create mode 100644 .logs/20260415-004322-1a26476d046d4880af47e49ed4d5b3f1.out
 create mode 100644 .logs/20260415-004322-1a26476d046d4880af47e49ed4d5b3f1.retcode
 create mode 100644 .logs/20260415-004322-dd1ea43f48e14cb887de523d722bfdd0.err
 create mode 100644 .logs/20260415-004322-dd1ea43f48e14cb887de523d722bfdd0.out
 create mode 100644 .logs/20260415-010114-ac22aa56a71a4b7997fa507139dfc8fa.err
 create mode 100644 .logs/20260415-010114-ac22aa56a71a4b7997fa507139dfc8fa.out
 create mode 100644 .logs/20260415-012945-e1be486511c24f25aab07e43fd3f745d.err
 create mode 100644 .logs/20260415-012945-e1be486511c24f25aab07e43fd3f745d.out
 create mode 100644 .logs/20260505-173517-9e7e663206ae45369e3983663b95bcb2.err
 create mode 100644 .logs/20260505-173517-9e7e663206ae45369e3983663b95bcb2.out
 create mode 100644 .logs/20260505-180108-a5f9fedf73c0456abbb4b8585581d773.err
 create mode 100644 .logs/20260505-180108-a5f9fedf73c0456abbb4b8585581d773.out
 create mode 100644 .logs/20260505-180108-a5f9fedf73c0456abbb4b8585581d773.retcode
 create mode 100644 .logs/20260505-180600-dc2e46f000dd4d1c954cb8c380e1c513.err
 create mode 100644 .logs/20260505-180600-dc2e46f000dd4d1c954cb8c380e1c513.out
 create mode 100644 .logs/20260505-180600-dc2e46f000dd4d1c954cb8c380e1c513.retcode
 create mode 100644 .logs/20260505-180601-5cb592d9621b47299b271b2da2ce4b95.err
 create mode 100644 .logs/20260505-180601-5cb592d9621b47299b271b2da2ce4b95.out
 create mode 100644 .logs/20260505-180601-5cb592d9621b47299b271b2da2ce4b95.retcode
 create mode 100644 .logs/20260505-180601-62d6af66c5a14984b50032a5c37a4f0f.err
 create mode 100644 .logs/20260505-180601-62d6af66c5a14984b50032a5c37a4f0f.out
 create mode 100644 .logs/20260505-180601-62d6af66c5a14984b50032a5c37a4f0f.retcode
 create mode 100644 .logs/20260505-180601-71af72200bf349399e5f60cdc65962cf.err
 create mode 100644 .logs/20260505-180601-71af72200bf349399e5f60cdc65962cf.out
 create mode 100644 .logs/20260505-180601-71af72200bf349399e5f60cdc65962cf.retcode
 create mode 100644 .logs/20260505-180601-77ea73e4d906471c8e5375bfa086e29b.err
 create mode 100644 .logs/20260505-180601-77ea73e4d906471c8e5375bfa086e29b.out
 create mode 100644 .logs/20260505-180601-77ea73e4d906471c8e5375bfa086e29b.retcode
 create mode 100644 .logs/20260505-180606-30d74fc3ded34715b551d9b996df4ca2.err
 create mode 100644 .logs/20260505-180606-30d74fc3ded34715b551d9b996df4ca2.out
 create mode 100644 .logs/20260505-180606-30d74fc3ded34715b551d9b996df4ca2.retcode
 create mode 100644 .logs/20260505-180606-da9a4bb953d84f77a458def4a110ae9c.err
 create mode 100644 .logs/20260505-180606-da9a4bb953d84f77a458def4a110ae9c.out
 create mode 100644 .logs/20260505-180627-b3daf54375624d0cb83c5d90c3aeac06.err
 create mode 100644 .logs/20260505-180627-b3daf54375624d0cb83c5d90c3aeac06.out
 create mode 100644 .logs/20260505-180627-b3daf54375624d0cb83c5d90c3aeac06.retcode
 create mode 100644 .logs/20260505-180640-9b9119f61f7c47e4b7043f87957b1064.err
 create mode 100644 .logs/20260505-180640-9b9119f61f7c47e4b7043f87957b1064.out
###4408eb63f418e35d79764d4cf143dc6d22031fb0###
