[detached HEAD 1c35e31] Memory, timezone, preferences, voice fix
 30 files changed, 214 insertions(+), 1 deletion(-)
 create mode 100644 .logs/20260506-180002-19fdd13121144b059d42336e618042fd.retcode
 create mode 100644 .logs/20260506-180605-bfd5ae1534c7475d96ed9473c9d28f43.err
 create mode 100644 .logs/20260506-180605-bfd5ae1534c7475d96ed9473c9d28f43.out
 create mode 100644 .logs/20260506-180605-bfd5ae1534c7475d96ed9473c9d28f43.retcode
 create mode 100644 .logs/20260506-180606-1bca6bd9cb704a2c87df13f291d29e04.err
 create mode 100644 .logs/20260506-180606-1bca6bd9cb704a2c87df13f291d29e04.out
 create mode 100644 .logs/20260506-180606-1bca6bd9cb704a2c87df13f291d29e04.retcode
 create mode 100644 .logs/20260506-180606-3a26eda2793d47eca37694cd981af8e6.err
 create mode 100644 .logs/20260506-180606-3a26eda2793d47eca37694cd981af8e6.out
 create mode 100644 .logs/20260506-180606-3a26eda2793d47eca37694cd981af8e6.retcode
 create mode 100644 .logs/20260506-180606-65818e0ccac34f4a93c24f93c1e35112.err
 create mode 100644 .logs/20260506-180606-65818e0ccac34f4a93c24f93c1e35112.out
 create mode 100644 .logs/20260506-180606-65818e0ccac34f4a93c24f93c1e35112.retcode
 create mode 100644 .logs/20260506-180606-e14946c60c6648f98cfc7b2a7f8bac82.err
 create mode 100644 .logs/20260506-180606-e14946c60c6648f98cfc7b2a7f8bac82.out
 create mode 100644 .logs/20260506-180606-e14946c60c6648f98cfc7b2a7f8bac82.retcode
 create mode 100644 .logs/20260506-180611-86f7bfeb32c7483d8b0d7f67153e67e3.err
 create mode 100644 .logs/20260506-180611-86f7bfeb32c7483d8b0d7f67153e67e3.out
 create mode 100644 .logs/20260506-180612-73133a3281294f108115123bfeb5e62d.err
 create mode 100644 .logs/20260506-180612-73133a3281294f108115123bfeb5e62d.out
 create mode 100644 .logs/20260506-180612-73133a3281294f108115123bfeb5e62d.retcode
 create mode 100644 .logs/20260506-180648-6353e6e181604a15b0263ad816667801.err
 create mode 100644 .logs/20260506-180648-6353e6e181604a15b0263ad816667801.out
 create mode 100644 .logs/20260506-180648-6353e6e181604a15b0263ad816667801.retcode
 create mode 100644 .logs/20260506-180717-359c482e1d434f0a89c597961b3cf268.err
 create mode 100644 .logs/20260506-180717-359c482e1d434f0a89c597961b3cf268.out
###1c35e3174f99901f81fa5fa053e92d4658d806b4###
