[detached HEAD bdf5b18] Strict AutoRemote format compliance
 29 files changed, 212 insertions(+), 1 deletion(-)
 create mode 100644 .logs/20260506-155800-fc68dd93beff4190aa014086fe7bb66f.retcode
 create mode 100644 .logs/20260506-160059-c7cfae5a55394689aae9f232311b9d19.err
 create mode 100644 .logs/20260506-160059-c7cfae5a55394689aae9f232311b9d19.out
 create mode 100644 .logs/20260506-160059-c7cfae5a55394689aae9f232311b9d19.retcode
 create mode 100644 .logs/20260506-160059-e4f3299d1f6141b9875b0cf2c4f6a065.err
 create mode 100644 .logs/20260506-160059-e4f3299d1f6141b9875b0cf2c4f6a065.out
 create mode 100644 .logs/20260506-160059-e4f3299d1f6141b9875b0cf2c4f6a065.retcode
 create mode 100644 .logs/20260506-160059-e934b7aafed84c91a64e0b989ed302e5.err
 create mode 100644 .logs/20260506-160059-e934b7aafed84c91a64e0b989ed302e5.out
 create mode 100644 .logs/20260506-160059-e934b7aafed84c91a64e0b989ed302e5.retcode
 create mode 100644 .logs/20260506-160100-770b2e8d03a64d03a5660a16457033c7.err
 create mode 100644 .logs/20260506-160100-770b2e8d03a64d03a5660a16457033c7.out
 create mode 100644 .logs/20260506-160100-770b2e8d03a64d03a5660a16457033c7.retcode
 create mode 100644 .logs/20260506-160100-ffe52dee4a41447bbf4dca0283f6f513.err
 create mode 100644 .logs/20260506-160100-ffe52dee4a41447bbf4dca0283f6f513.out
 create mode 100644 .logs/20260506-160100-ffe52dee4a41447bbf4dca0283f6f513.retcode
 create mode 100644 .logs/20260506-160105-13719f9dc6bc4d97b1de1786c02d3980.err
 create mode 100644 .logs/20260506-160105-13719f9dc6bc4d97b1de1786c02d3980.out
 create mode 100644 .logs/20260506-160105-3e5cb4e27eec454589aba3df65f3bc23.err
 create mode 100644 .logs/20260506-160105-3e5cb4e27eec454589aba3df65f3bc23.out
 create mode 100644 .logs/20260506-160105-3e5cb4e27eec454589aba3df65f3bc23.retcode
 create mode 100644 .logs/20260506-160126-3a3b544a7603424f964f04ee92801f1c.err
 create mode 100644 .logs/20260506-160126-3a3b544a7603424f964f04ee92801f1c.out
 create mode 100644 .logs/20260506-160126-3a3b544a7603424f964f04ee92801f1c.retcode
 create mode 100644 .logs/20260506-160143-6ae79acd0972499eabe4593a126578b8.err
 create mode 100644 .logs/20260506-160143-6ae79acd0972499eabe4593a126578b8.out
###bdf5b18f8da443b92fc95c0edff6991bfe334021###
