[detached HEAD 99f1032] User voice selection per profile
 26 files changed, 210 insertions(+), 1 deletion(-)
 create mode 100644 .logs/20260505-183649-6f4a74f103f544368f4f3157d3d08648.err
 create mode 100644 .logs/20260505-183649-6f4a74f103f544368f4f3157d3d08648.out
 create mode 100644 .logs/20260505-183649-6f4a74f103f544368f4f3157d3d08648.retcode
 create mode 100644 .logs/20260505-183650-4ae3ca2006b84e9a852e0b858a4144ef.err
 create mode 100644 .logs/20260505-183650-4ae3ca2006b84e9a852e0b858a4144ef.out
 create mode 100644 .logs/20260505-183650-4ae3ca2006b84e9a852e0b858a4144ef.retcode
 create mode 100644 .logs/20260505-183650-53f9a8dceea14c5fb882ce468e396723.err
 create mode 100644 .logs/20260505-183650-53f9a8dceea14c5fb882ce468e396723.out
 create mode 100644 .logs/20260505-183650-53f9a8dceea14c5fb882ce468e396723.retcode
 create mode 100644 .logs/20260505-183650-625d477cb7e94a35ab87605f1efb1e5d.err
 create mode 100644 .logs/20260505-183650-625d477cb7e94a35ab87605f1efb1e5d.out
 create mode 100644 .logs/20260505-183650-625d477cb7e94a35ab87605f1efb1e5d.retcode
 create mode 100644 .logs/20260505-183650-ae00116c5c714f3784dbe02033d9dcea.err
 create mode 100644 .logs/20260505-183650-ae00116c5c714f3784dbe02033d9dcea.out
 create mode 100644 .logs/20260505-183650-ae00116c5c714f3784dbe02033d9dcea.retcode
 create mode 100644 .logs/20260505-183655-2a94185a3a4249a095d90574da0881c3.err
 create mode 100644 .logs/20260505-183655-2a94185a3a4249a095d90574da0881c3.out
 create mode 100644 .logs/20260505-183656-883862bdf6e44207a1e86a7a5b4299b9.err
 create mode 100644 .logs/20260505-183656-883862bdf6e44207a1e86a7a5b4299b9.out
 create mode 100644 .logs/20260505-183656-883862bdf6e44207a1e86a7a5b4299b9.retcode
 create mode 100644 .logs/20260505-183724-7ad4c126a20548bdbc9ba095c2b07871.err
 create mode 100644 .logs/20260505-183724-7ad4c126a20548bdbc9ba095c2b07871.out
 create mode 100644 .logs/20260505-183724-7ad4c126a20548bdbc9ba095c2b07871.retcode
 create mode 100644 .logs/20260505-183745-8c9ff83a29f649bcb4f31e287e166365.err
 create mode 100644 .logs/20260505-183745-8c9ff83a29f649bcb4f31e287e166365.out
###99f10327e0acf2ecc210912ae68e305850dba66e###
