[detached HEAD 9a77e22] Updated Tasker guide TTS audio
 29 files changed, 212 insertions(+), 1 deletion(-)
 create mode 100644 .logs/20260506-144938-5684bd80e3b5483d9466d3746d89b9aa.retcode
 create mode 100644 .logs/20260506-145226-6ad60504ce2b45299a1af1a56205e8b8.err
 create mode 100644 .logs/20260506-145226-6ad60504ce2b45299a1af1a56205e8b8.out
 create mode 100644 .logs/20260506-145226-6ad60504ce2b45299a1af1a56205e8b8.retcode
 create mode 100644 .logs/20260506-145226-77e75786a09f4ca396becfd89f7cb86e.err
 create mode 100644 .logs/20260506-145226-77e75786a09f4ca396becfd89f7cb86e.out
 create mode 100644 .logs/20260506-145226-77e75786a09f4ca396becfd89f7cb86e.retcode
 create mode 100644 .logs/20260506-145226-91bff962bea840828e7ba25bee13ae77.err
 create mode 100644 .logs/20260506-145226-91bff962bea840828e7ba25bee13ae77.out
 create mode 100644 .logs/20260506-145226-91bff962bea840828e7ba25bee13ae77.retcode
 create mode 100644 .logs/20260506-145226-f41511b28d7e4afda30e9c7dc64f0fdb.err
 create mode 100644 .logs/20260506-145226-f41511b28d7e4afda30e9c7dc64f0fdb.out
 create mode 100644 .logs/20260506-145226-f41511b28d7e4afda30e9c7dc64f0fdb.retcode
 create mode 100644 .logs/20260506-145227-914c6bde8fb84c8faf54e28e357491a8.err
 create mode 100644 .logs/20260506-145227-914c6bde8fb84c8faf54e28e357491a8.out
 create mode 100644 .logs/20260506-145227-914c6bde8fb84c8faf54e28e357491a8.retcode
 create mode 100644 .logs/20260506-145233-2c3e5311680c475cac3159b029de14e6.err
 create mode 100644 .logs/20260506-145233-2c3e5311680c475cac3159b029de14e6.out
 create mode 100644 .logs/20260506-145233-e8c474655c97465f9ac6e6e7bf698759.err
 create mode 100644 .logs/20260506-145233-e8c474655c97465f9ac6e6e7bf698759.out
 create mode 100644 .logs/20260506-145233-e8c474655c97465f9ac6e6e7bf698759.retcode
 create mode 100644 .logs/20260506-145259-3afd6b24739c47da86fc3e31af5575ca.err
 create mode 100644 .logs/20260506-145259-3afd6b24739c47da86fc3e31af5575ca.out
 create mode 100644 .logs/20260506-145259-3afd6b24739c47da86fc3e31af5575ca.retcode
 create mode 100644 .logs/20260506-145325-847850d58ed2451a9ae43d66e6ff58f8.err
 create mode 100644 .logs/20260506-145325-847850d58ed2451a9ae43d66e6ff58f8.out
###9a77e22b31bbe697eceacedc9e2e4d33f5de2e0f###
